/Users/sanjeevkumar/MyCareer/can-sensor-fusion-platform/stm32-firmware/Core/Src/main.c:74:5:main	96	static
/Users/sanjeevkumar/MyCareer/can-sensor-fusion-platform/stm32-firmware/Core/Src/main.c:229:6:SystemClock_Config	88	static
/Users/sanjeevkumar/MyCareer/can-sensor-fusion-platform/stm32-firmware/Core/Src/main.c:271:13:MX_I2C1_Init	8	static
/Users/sanjeevkumar/MyCareer/can-sensor-fusion-platform/stm32-firmware/Core/Src/main.c:305:13:MX_SPI1_Init	8	static
/Users/sanjeevkumar/MyCareer/can-sensor-fusion-platform/stm32-firmware/Core/Src/main.c:343:13:MX_TIM2_Init	32	static
/Users/sanjeevkumar/MyCareer/can-sensor-fusion-platform/stm32-firmware/Core/Src/main.c:388:13:MX_GPIO_Init	40	static
/Users/sanjeevkumar/MyCareer/can-sensor-fusion-platform/stm32-firmware/Core/Src/main.c:433:6:Error_Handler	4	static,ignoring_inline_asm
