Archive member included to satisfy reference by file (symbol)

/Applications/STM32CubeIDE.app/Contents/Eclipse/plugins/com.st.stm32cube.ide.mcu.externaltools.gnu-tools-for-stm32.14.3.rel1.macosaarch64_1.0.0.202602081740/tools/bin/../lib/gcc/arm-none-eabi/14.3.1/../../../../arm-none-eabi/lib/thumb/v7e-m+fp/hard/libc_nano.a(libc_a-exit.o)
                              /Applications/STM32CubeIDE.app/Contents/Eclipse/plugins/com.st.stm32cube.ide.mcu.externaltools.gnu-tools-for-stm32.14.3.rel1.macosaarch64_1.0.0.202602081740/tools/bin/../lib/gcc/arm-none-eabi/14.3.1/../../../../arm-none-eabi/lib/thumb/v7e-m+fp/hard/crt0.o (exit)
/Applications/STM32CubeIDE.app/Contents/Eclipse/plugins/com.st.stm32cube.ide.mcu.externaltools.gnu-tools-for-stm32.14.3.rel1.macosaarch64_1.0.0.202602081740/tools/bin/../lib/gcc/arm-none-eabi/14.3.1/../../../../arm-none-eabi/lib/thumb/v7e-m+fp/hard/libc_nano.a(libc_a-findfp.o)
                              /Applications/STM32CubeIDE.app/Contents/Eclipse/plugins/com.st.stm32cube.ide.mcu.externaltools.gnu-tools-for-stm32.14.3.rel1.macosaarch64_1.0.0.202602081740/tools/bin/../lib/gcc/arm-none-eabi/14.3.1/../../../../arm-none-eabi/lib/thumb/v7e-m+fp/hard/libc_nano.a(libc_a-exit.o) (__stdio_exit_handler)
/Applications/STM32CubeIDE.app/Contents/Eclipse/plugins/com.st.stm32cube.ide.mcu.externaltools.gnu-tools-for-stm32.14.3.rel1.macosaarch64_1.0.0.202602081740/tools/bin/../lib/gcc/arm-none-eabi/14.3.1/../../../../arm-none-eabi/lib/thumb/v7e-m+fp/hard/libc_nano.a(libc_a-fwalk.o)
                              /Applications/STM32CubeIDE.app/Contents/Eclipse/plugins/com.st.stm32cube.ide.mcu.externaltools.gnu-tools-for-stm32.14.3.rel1.macosaarch64_1.0.0.202602081740/tools/bin/../lib/gcc/arm-none-eabi/14.3.1/../../../../arm-none-eabi/lib/thumb/v7e-m+fp/hard/libc_nano.a(libc_a-findfp.o) (_fwalk_sglue)
/Applications/STM32CubeIDE.app/Contents/Eclipse/plugins/com.st.stm32cube.ide.mcu.externaltools.gnu-tools-for-stm32.14.3.rel1.macosaarch64_1.0.0.202602081740/tools/bin/../lib/gcc/arm-none-eabi/14.3.1/../../../../arm-none-eabi/lib/thumb/v7e-m+fp/hard/libc_nano.a(libc_a-memset.o)
                              /Applications/STM32CubeIDE.app/Contents/Eclipse/plugins/com.st.stm32cube.ide.mcu.externaltools.gnu-tools-for-stm32.14.3.rel1.macosaarch64_1.0.0.202602081740/tools/bin/../lib/gcc/arm-none-eabi/14.3.1/../../../../arm-none-eabi/lib/thumb/v7e-m+fp/hard/crt0.o (memset)
/Applications/STM32CubeIDE.app/Contents/Eclipse/plugins/com.st.stm32cube.ide.mcu.externaltools.gnu-tools-for-stm32.14.3.rel1.macosaarch64_1.0.0.202602081740/tools/bin/../lib/gcc/arm-none-eabi/14.3.1/../../../../arm-none-eabi/lib/thumb/v7e-m+fp/hard/libc_nano.a(libc_a-errno.o)
                              ./Application/User/Core/syscalls.o (__errno)
/Applications/STM32CubeIDE.app/Contents/Eclipse/plugins/com.st.stm32cube.ide.mcu.externaltools.gnu-tools-for-stm32.14.3.rel1.macosaarch64_1.0.0.202602081740/tools/bin/../lib/gcc/arm-none-eabi/14.3.1/../../../../arm-none-eabi/lib/thumb/v7e-m+fp/hard/libc_nano.a(libc_a-init.o)
                              /Applications/STM32CubeIDE.app/Contents/Eclipse/plugins/com.st.stm32cube.ide.mcu.externaltools.gnu-tools-for-stm32.14.3.rel1.macosaarch64_1.0.0.202602081740/tools/bin/../lib/gcc/arm-none-eabi/14.3.1/../../../../arm-none-eabi/lib/thumb/v7e-m+fp/hard/crt0.o (__libc_init_array)
/Applications/STM32CubeIDE.app/Contents/Eclipse/plugins/com.st.stm32cube.ide.mcu.externaltools.gnu-tools-for-stm32.14.3.rel1.macosaarch64_1.0.0.202602081740/tools/bin/../lib/gcc/arm-none-eabi/14.3.1/../../../../arm-none-eabi/lib/thumb/v7e-m+fp/hard/libc_nano.a(libc_a-lock.o)
                              /Applications/STM32CubeIDE.app/Contents/Eclipse/plugins/com.st.stm32cube.ide.mcu.externaltools.gnu-tools-for-stm32.14.3.rel1.macosaarch64_1.0.0.202602081740/tools/bin/../lib/gcc/arm-none-eabi/14.3.1/../../../../arm-none-eabi/lib/thumb/v7e-m+fp/hard/libc_nano.a(libc_a-findfp.o) (__retarget_lock_init_recursive)
/Applications/STM32CubeIDE.app/Contents/Eclipse/plugins/com.st.stm32cube.ide.mcu.externaltools.gnu-tools-for-stm32.14.3.rel1.macosaarch64_1.0.0.202602081740/tools/bin/../lib/gcc/arm-none-eabi/14.3.1/../../../../arm-none-eabi/lib/thumb/v7e-m+fp/hard/libc_nano.a(libc_a-impure.o)
                              /Applications/STM32CubeIDE.app/Contents/Eclipse/plugins/com.st.stm32cube.ide.mcu.externaltools.gnu-tools-for-stm32.14.3.rel1.macosaarch64_1.0.0.202602081740/tools/bin/../lib/gcc/arm-none-eabi/14.3.1/../../../../arm-none-eabi/lib/thumb/v7e-m+fp/hard/libc_nano.a(libc_a-errno.o) (_impure_ptr)
/Applications/STM32CubeIDE.app/Contents/Eclipse/plugins/com.st.stm32cube.ide.mcu.externaltools.gnu-tools-for-stm32.14.3.rel1.macosaarch64_1.0.0.202602081740/tools/bin/../lib/gcc/arm-none-eabi/14.3.1/../../../../arm-none-eabi/lib/thumb/v7e-m+fp/hard/libc_nano.a(libc_a-memcpy-stub.o)
                              ./Application/User/Core/mcp2515.o (memcpy)
[...]
Memory Configuration

Name             Origin             Length             Attributes
RAM              0x20000000         0x00020000         xrw
FLASH            0x08000000         0x00080000         xr
*default*        0x00000000         0xffffffff

Linker script and memory map

LOAD /Applications/STM32CubeIDE.app/Contents/Eclipse/plugins/com.st.stm32cube.ide.mcu.externaltools.gnu-tools-for-stm32.14.3.rel1.macosaarch64_1.0.0.202602081740/tools/bin/../lib/gcc/arm-none-eabi/14.3.1/thumb/v7e-m+fp/hard/crti.o
LOAD /Applications/STM32CubeIDE.app/Contents/Eclipse/plugins/com.st.stm32cube.ide.mcu.externaltools.gnu-tools-for-stm32.14.3.rel1.macosaarch64_1.0.0.202602081740/tools/bin/../lib/gcc/arm-none-eabi/14.3.1/thumb/v7e-m+fp/hard/crtbegin.o
LOAD /Applications/STM32CubeIDE.app/Contents/Eclipse/plugins/com.st.stm32cube.ide.mcu.externaltools.gnu-tools-for-stm32.14.3.rel1.macosaarch64_1.0.0.202602081740/tools/bin/../lib/gcc/arm-none-eabi/14.3.1/../../../../arm-none-eabi/lib/thumb/v7e-m+fp/hard/crt0.o
LOAD ./.metadata/.plugins/org.eclipse.cdt.make.core/specs.o
LOAD ./Application/User/Core/bmp280.o
LOAD ./Application/User/Core/main.o
LOAD ./Application/User/Core/mcp2515.o
LOAD ./Application/User/Core/mpu6050.o
LOAD ./Application/User/Core/stm32f4xx_hal_msp.o
LOAD ./Application/User/Core/stm32f4xx_it.o
LOAD ./Application/User/Core/syscalls.o
LOAD ./Application/User/Core/sysmem.o
LOAD ./Application/User/Startup/startup_stm32f411ceux.o
LOAD ./Drivers/CMSIS/system_stm32f4xx.o
LOAD ./Drivers/STM32F4xx_HAL_Driver/stm32f4xx_hal.o
LOAD ./Drivers/STM32F4xx_HAL_Driver/stm32f4xx_hal_cortex.o
LOAD ./Drivers/STM32F4xx_HAL_Driver/stm32f4xx_hal_dma.o
LOAD ./Drivers/STM32F4xx_HAL_Driver/stm32f4xx_hal_dma_ex.o
LOAD ./Drivers/STM32F4xx_HAL_Driver/stm32f4xx_hal_exti.o
LOAD ./Drivers/STM32F4xx_HAL_Driver/stm32f4xx_hal_flash.o
LOAD ./Drivers/STM32F4xx_HAL_Driver/stm32f4xx_hal_flash_ex.o
LOAD ./Drivers/STM32F4xx_HAL_Driver/stm32f4xx_hal_flash_ramfunc.o
LOAD ./Drivers/STM32F4xx_HAL_Driver/stm32f4xx_hal_gpio.o
LOAD ./Drivers/STM32F4xx_HAL_Driver/stm32f4xx_hal_i2c.o
LOAD ./Drivers/STM32F4xx_HAL_Driver/stm32f4xx_hal_i2c_ex.o
LOAD ./Drivers/STM32F4xx_HAL_Driver/stm32f4xx_hal_pwr.o
LOAD ./Drivers/STM32F4xx_HAL_Driver/stm32f4xx_hal_pwr_ex.o
LOAD ./Drivers/STM32F4xx_HAL_Driver/stm32f4xx_hal_rcc.o
LOAD ./Drivers/STM32F4xx_HAL_Driver/stm32f4xx_hal_rcc_ex.o
LOAD ./Drivers/STM32F4xx_HAL_Driver/stm32f4xx_hal_spi.o
LOAD ./Drivers/STM32F4xx_HAL_Driver/stm32f4xx_hal_tim.o
LOAD ./Drivers/STM32F4xx_HAL_Driver/stm32f4xx_hal_tim_ex.o
START GROUP
LOAD /Applications/STM32CubeIDE.app/Contents/Eclipse/plugins/com.st.stm32cube.ide.mcu.externaltools.gnu-tools-for-stm32.14.3.rel1.macosaarch64_1.0.0.202602081740/tools/bin/../lib/gcc/arm-none-eabi/14.3.1/../../../../arm-none-eabi/lib/thumb/v7e-m+fp/hard/libc_nano.a
LOAD /Applications/STM32CubeIDE.app/Contents/Eclipse/plugins/com.st.stm32cube.ide.mcu.externaltools.gnu-tools-for-stm32.14.3.rel1.macosaarch64_1.0.0.202602081740/tools/bin/../lib/gcc/arm-none-eabi/14.3.1/../../../../arm-none-eabi/lib/thumb/v7e-m+fp/hard/libm.a
END GROUP
START GROUP
LOAD /Applications/STM32CubeIDE.app/Contents/Eclipse/plugins/com.st.stm32cube.ide.mcu.externaltools.gnu-tools-for-stm32.14.3.rel1.macosaarch64_1.0.0.202602081740/tools/bin/../lib/gcc/arm-none-eabi/14.3.1/thumb/v7e-m+fp/hard/libgcc.a
LOAD /Applications/STM32CubeIDE.app/Contents/Eclipse/plugins/com.st.stm32cube.ide.mcu.externaltools.gnu-tools-for-stm32.14.3.rel1.macosaarch64_1.0.0.202602081740/tools/bin/../lib/gcc/arm-none-eabi/14.3.1/../../../../arm-none-eabi/lib/thumb/v7e-m+fp/hard/libc_nano.a
END GROUP
START GROUP
LOAD /Applications/STM32CubeIDE.app/Contents/Eclipse/plugins/com.st.stm32cube.ide.mcu.externaltools.gnu-tools-for-stm32.14.3.rel1.macosaarch64_1.0.0.202602081740/tools/bin/../lib/gcc/arm-none-eabi/14.3.1/thumb/v7e-m+fp/hard/libgcc.a
LOAD /Applications/STM32CubeIDE.app/Contents/Eclipse/plugins/com.st.stm32cube.ide.mcu.externaltools.gnu-tools-for-stm32.14.3.rel1.macosaarch64_1.0.0.202602081740/tools/bin/../lib/gcc/arm-none-eabi/14.3.1/../../../../arm-none-eabi/lib/thumb/v7e-m+fp/hard/libc_nano.a
LOAD /Applications/STM32CubeIDE.app/Contents/Eclipse/plugins/com.st.stm32cube.ide.mcu.externaltools.gnu-tools-for-stm32.14.3.rel1.macosaarch64_1.0.0.202602081740/tools/bin/../lib/gcc/arm-none-eabi/14.3.1/../../../../arm-none-eabi/lib/thumb/v7e-m+fp/hard/libnosys.a
END GROUP
START GROUP
LOAD /Applications/STM32CubeIDE.app/Contents/Eclipse/plugins/com.st.stm32cube.ide.mcu.externaltools.gnu-tools-for-stm32.14.3.rel1.macosaarch64_1.0.0.202602081740/tools/bin/../lib/gcc/arm-none-eabi/14.3.1/thumb/v7e-m+fp/hard/libgcc.a
LOAD /Applications/STM32CubeIDE.app/Contents/Eclipse/plugins/com.st.stm32cube.ide.mcu.externaltools.gnu-tools-for-stm32.14.3.rel1.macosaarch64_1.0.0.202602081740/tools/bin/../lib/gcc/arm-none-eabi/14.3.1/../../../../arm-none-eabi/lib/thumb/v7e-m+fp/hard/libc_nano.a
LOAD /Applications/STM32CubeIDE.app/Contents/Eclipse/plugins/com.st.stm32cube.ide.mcu.externaltools.gnu-tools-for-stm32.14.3.rel1.macosaarch64_1.0.0.202602081740/tools/bin/../lib/gcc/arm-none-eabi/14.3.1/../../../../arm-none-eabi/lib/thumb/v7e-m+fp/hard/libnosys.a
END GROUP
LOAD /Applications/STM32CubeIDE.app/Contents/Eclipse/plugins/com.st.stm32cube.ide.mcu.externaltools.gnu-tools-for-stm32.14.3.rel1.macosaarch64_1.0.0.202602081740/tools/bin/../lib/gcc/arm-none-eabi/14.3.1/thumb/v7e-m+fp/hard/crtend.o
LOAD /Applications/STM32CubeIDE.app/Contents/Eclipse/plugins/com.st.stm32cube.ide.mcu.externaltools.gnu-tools-for-stm32.14.3.rel1.macosaarch64_1.0.0.202602081740/tools/bin/../lib/gcc/arm-none-eabi/14.3.1/thumb/v7e-m+fp/hard/crtn.o
                0x20020000                        _estack = (ORIGIN (RAM) + LENGTH (RAM))
                0x00000200                        _Min_Heap_Size = 0x200
                0x00000400                        _Min_Stack_Size = 0x400

.isr_vector     0x08000000      0x198
                0x08000000                        . = ALIGN (0x4)
 *(.isr_vector)
 .isr_vector    0x08000000      0x198 ./Application/User/Startup/startup_stm32f411ceux.o
                0x08000000                g_pfnVectors
                0x08000198                        . = ALIGN (0x4)

.text           0x08000198     0x4d00
                0x08000198                        . = ALIGN (0x4)
 *(.text)
 .text          0x08000198       0x40 /Applications/STM32CubeIDE.app/Contents/Eclipse/plugins/com.st.stm32cube.ide.mcu.externaltools.gnu-tools-for-stm32.14.3.rel1.macosaarch64_1.0.0.202602081740/tools/bin/../lib/gcc/arm-none-eabi/14.3.1/thumb/v7e-m+fp/hard/crtbegin.o
 .text          0x080001d8       0xa0 /Applications/STM32CubeIDE.app/Contents/Eclipse/plugins/com.st.stm32cube.ide.mcu.externaltools.gnu-tools-for-stm32.14.3.rel1.macosaarch64_1.0.0.202602081740/tools/bin/../lib/gcc/arm-none-eabi/14.3.1/thumb/v7e-m+fp/hard/libgcc.a(_aeabi_ldivmod.o)
                0x080001d8                __aeabi_ldivmod
 .text          0x08000278       0x30 /Applications/STM32CubeIDE.app/Contents/Eclipse/plugins/com.st.stm32cube.ide.mcu.externaltools.gnu-tools-for-stm32.14.3.rel1.macosaarch64_1.0.0.202602081740/tools/bin/../lib/gcc/arm-none-eabi/14.3.1/thumb/v7e-m+fp/hard/libgcc.a(_aeabi_uldivmod.o)
                0x08000278                __aeabi_uldivmod
 .text          0x080002a8      0x2f8 /Applications/STM32CubeIDE.app/Contents/Eclipse/plugins/com.st.stm32cube.ide.mcu.externaltools.gnu-tools-for-stm32.14.3.rel1.macosaarch64_1.0.0.202602081740/tools/bin/../lib/gcc/arm-none-eabi/14.3.1/thumb/v7e-m+fp/hard/libgcc.a(_udivmoddi4.o)
                0x080002a8                __udivmoddi4
 .text          0x080005a0        0x4 /Applications/STM32CubeIDE.app/Contents/Eclipse/plugins/com.st.stm32cube.ide.mcu.externaltools.gnu-tools-for-stm32.14.3.rel1.macosaarch64_1.0.0.202602081740/tools/bin/../lib/gcc/arm-none-eabi/14.3.1/thumb/v7e-m+fp/hard/libgcc.a(_dvmd_tls.o)
                0x080005a0                __aeabi_ldiv0
                0x080005a0                __aeabi_idiv0
 *(.text*)
 .text.BMP280_WriteReg
                0x080005a4       0x38 ./Application/User/Core/bmp280.o
 .text.BMP280_ReadRegs
                0x080005dc       0x38 ./Application/User/Core/bmp280.o
 .text.BMP280_ParseCalibration
                0x08000614      0x198 ./Application/User/Core/bmp280.o
 .text.BMP280_CompensateTemp
                0x080007ac       0x84 ./Application/User/Core/bmp280.o
 .text.BMP280_CompensatePress
                0x08000830      0x57c ./Application/User/Core/bmp280.o
 .text.BMP280_Init
                0x08000dac      0x106 ./Application/User/Core/bmp280.o
                0x08000dac                BMP280_Init
 .text.BMP280_Read
                0x08000eb2       0x78 ./Application/User/Core/bmp280.o
                0x08000eb2                BMP280_Read
 *fill*         0x08000f2a        0x2 
 .text.main     0x08000f2c      0x300 ./Application/User/Core/main.o
                0x08000f2c                main
 .text.SystemClock_Config
                0x0800122c       0xbc ./Application/User/Core/main.o
                0x0800122c                SystemClock_Config
 .text.MX_I2C1_Init
                0x080012e8       0x5c ./Application/User/Core/main.o
 .text.MX_SPI1_Init
                0x08001344       0x6c ./Application/User/Core/main.o
 .text.MX_TIM2_Init
                0x080013b0       0x98 ./Application/User/Core/main.o
 .text.MX_GPIO_Init
                0x08001448       0xd0 ./Application/User/Core/main.o
 .text.Error_Handler
                0x08001518        0xc ./Application/User/Core/main.o
                0x08001518                Error_Handler
 .text.MCP2515_ReadRegister
                0x08001524       0x60 ./Application/User/Core/mcp2515.o
 .text.MCP2515_WriteRegister
                0x08001584       0x50 ./Application/User/Core/mcp2515.o
 .text.MCP2515_WriteRegisters
                0x080015d4       0x58 ./Application/User/Core/mcp2515.o
 .text.MCP2515_ReadRegisters
                0x0800162c       0x64 ./Application/User/Core/mcp2515.o
 .text.MCP2515_BitModify
                0x08001690       0x54 ./Application/User/Core/mcp2515.o
 .text.MCP2515_Reset
                0x080016e4       0x40 ./Application/User/Core/mcp2515.o
 .text.MCP2515_SetMode
                0x08001724       0x52 ./Application/User/Core/mcp2515.o
 *fill*         0x08001776        0x2 
 .text.MCP2515_Init
                0x08001778       0x70 ./Application/User/Core/mcp2515.o
                0x08001778                MCP2515_Init
 .text.MCP2515_Transmit
                0x080017e8       0xd8 ./Application/User/Core/mcp2515.o
                0x080017e8                MCP2515_Transmit
 .text.MCP2515_Receive
                0x080018c0       0x96 ./Application/User/Core/mcp2515.o
                0x080018c0                MCP2515_Receive
 .text.MCP2515_FrameAvailable
                0x08001956       0x20 ./Application/User/Core/mcp2515.o
                0x08001956                MCP2515_FrameAvailable
 *fill*         0x08001976        0x2 
 .text.MPU6050_WriteReg
                0x08001978       0x38 ./Application/User/Core/mpu6050.o
 .text.MPU6050_ReadReg
                0x080019b0       0x34 ./Application/User/Core/mpu6050.o
 .text.MPU6050_Init
                0x080019e4       0xaa ./Application/User/Core/mpu6050.o
                0x080019e4                MPU6050_Init
 *fill*         0x08001a8e        0x2 
 .text.MPU6050_ReadAll
                0x08001a90       0xd4 ./Application/User/Core/mpu6050.o
                0x08001a90                MPU6050_ReadAll
 .text.HAL_MspInit
                0x08001b64       0x50 ./Application/User/Core/stm32f4xx_hal_msp.o
                0x08001b64                HAL_MspInit
 .text.HAL_I2C_MspInit
                0x08001bb4       0x90 ./Application/User/Core/stm32f4xx_hal_msp.o
                0x08001bb4                HAL_I2C_MspInit
 .text.HAL_SPI_MspInit
                0x08001c44       0x90 ./Application/User/Core/stm32f4xx_hal_msp.o
                0x08001c44                HAL_SPI_MspInit
 .text.HAL_TIM_Base_MspInit
                0x08001cd4       0x40 ./Application/User/Core/stm32f4xx_hal_msp.o
                0x08001cd4                HAL_TIM_Base_MspInit
 .text.NMI_Handler
                0x08001d14        0x8 ./Application/User/Core/stm32f4xx_it.o
                0x08001d14                NMI_Handler
 .text.HardFault_Handler
                0x08001d1c        0x8 ./Application/User/Core/stm32f4xx_it.o
                0x08001d1c                HardFault_Handler
 .text.MemManage_Handler
                0x08001d24        0x8 ./Application/User/Core/stm32f4xx_it.o
                0x08001d24                MemManage_Handler
 .text.BusFault_Handler
                0x08001d2c        0x8 ./Application/User/Core/stm32f4xx_it.o
                0x08001d2c                BusFault_Handler
 .text.UsageFault_Handler
                0x08001d34        0x8 ./Application/User/Core/stm32f4xx_it.o
                0x08001d34                UsageFault_Handler
 .text.SVC_Handler
                0x08001d3c        0xe ./Application/User/Core/stm32f4xx_it.o
                0x08001d3c                SVC_Handler
 .text.DebugMon_Handler
                0x08001d4a        0xe ./Application/User/Core/stm32f4xx_it.o
                0x08001d4a                DebugMon_Handler
 .text.PendSV_Handler
                0x08001d58        0xe ./Application/User/Core/stm32f4xx_it.o
                0x08001d58                PendSV_Handler
 .text.SysTick_Handler
                0x08001d66        0xc ./Application/User/Core/stm32f4xx_it.o
                0x08001d66                SysTick_Handler
 *fill*         0x08001d72        0x2 
 .text.Reset_Handler
                0x08001d74       0x50 ./Application/User/Startup/startup_stm32f411ceux.o
                0x08001d74                Reset_Handler
 .text.Default_Handler
                0x08001dc4        0x2 ./Application/User/Startup/startup_stm32f411ceux.o
                0x08001dc4                DMA1_Stream3_IRQHandler
                0x08001dc4                EXTI2_IRQHandler
                0x08001dc4                SPI4_IRQHandler
                0x08001dc4                TIM1_CC_IRQHandler
                0x08001dc4                DMA2_Stream5_IRQHandler
                0x08001dc4                DMA1_Stream5_IRQHandler
                0x08001dc4                PVD_IRQHandler
                0x08001dc4                SDIO_IRQHandler
                0x08001dc4                TAMP_STAMP_IRQHandler
                0x08001dc4                EXTI3_IRQHandler
                0x08001dc4                TIM1_UP_TIM10_IRQHandler
                0x08001dc4                I2C3_ER_IRQHandler
                0x08001dc4                EXTI0_IRQHandler
                0x08001dc4                I2C2_EV_IRQHandler
                0x08001dc4                DMA1_Stream2_IRQHandler
                0x08001dc4                FPU_IRQHandler
                0x08001dc4                DMA2_Stream2_IRQHandler
                0x08001dc4                SPI1_IRQHandler
                0x08001dc4                TIM1_BRK_TIM9_IRQHandler
                0x08001dc4                DMA2_Stream3_IRQHandler
                0x08001dc4                USART6_IRQHandler
                0x08001dc4                DMA2_Stream0_IRQHandler
                0x08001dc4                TIM4_IRQHandler
                0x08001dc4                I2C1_EV_IRQHandler
                0x08001dc4                DMA1_Stream6_IRQHandler
                0x08001dc4                DMA1_Stream1_IRQHandler
                0x08001dc4                TIM3_IRQHandler
                0x08001dc4                RCC_IRQHandler
                0x08001dc4                Default_Handler
                0x08001dc4                EXTI15_10_IRQHandler
                0x08001dc4                ADC_IRQHandler
                0x08001dc4                DMA1_Stream7_IRQHandler
                0x08001dc4                SPI5_IRQHandler
                0x08001dc4                TIM5_IRQHandler
                0x08001dc4                DMA2_Stream7_IRQHandler
                0x08001dc4                I2C3_EV_IRQHandler
                0x08001dc4                EXTI9_5_IRQHandler
                0x08001dc4                RTC_WKUP_IRQHandler
                0x08001dc4                SPI2_IRQHandler
                0x08001dc4                DMA1_Stream0_IRQHandler
                0x08001dc4                EXTI4_IRQHandler
                0x08001dc4                WWDG_IRQHandler
                0x08001dc4                TIM2_IRQHandler
                0x08001dc4                OTG_FS_WKUP_IRQHandler
                0x08001dc4                TIM1_TRG_COM_TIM11_IRQHandler
                0x08001dc4                EXTI1_IRQHandler
                0x08001dc4                USART2_IRQHandler
                0x08001dc4                I2C2_ER_IRQHandler
                0x08001dc4                DMA2_Stream1_IRQHandler
                0x08001dc4                FLASH_IRQHandler
                0x08001dc4                DMA2_Stream4_IRQHandler
                0x08001dc4                USART1_IRQHandler
                0x08001dc4                OTG_FS_IRQHandler
                0x08001dc4                SPI3_IRQHandler
                0x08001dc4                DMA1_Stream4_IRQHandler
                0x08001dc4                I2C1_ER_IRQHandler
                0x08001dc4                DMA2_Stream6_IRQHandler
                0x08001dc4                RTC_Alarm_IRQHandler
 *fill*         0x08001dc6        0x2 
 .text.SystemInit
                0x08001dc8       0x24 ./Drivers/CMSIS/system_stm32f4xx.o
                0x08001dc8                SystemInit
 .text.HAL_Init
                0x08001dec       0x44 ./Drivers/STM32F4xx_HAL_Driver/stm32f4xx_hal.o
                0x08001dec                HAL_Init
 .text.HAL_InitTick
                0x08001e30       0x60 ./Drivers/STM32F4xx_HAL_Driver/stm32f4xx_hal.o
                0x08001e30                HAL_InitTick
 .text.HAL_IncTick
                0x08001e90       0x28 ./Drivers/STM32F4xx_HAL_Driver/stm32f4xx_hal.o
                0x08001e90                HAL_IncTick
 .text.HAL_GetTick
                0x08001eb8       0x18 ./Drivers/STM32F4xx_HAL_Driver/stm32f4xx_hal.o
                0x08001eb8                HAL_GetTick
 .text.HAL_Delay
                0x08001ed0       0x48 ./Drivers/STM32F4xx_HAL_Driver/stm32f4xx_hal.o
                0x08001ed0                HAL_Delay
 .text.__NVIC_SetPriorityGrouping
                0x08001f18       0x48 ./Drivers/STM32F4xx_HAL_Driver/stm32f4xx_hal_cortex.o
 .text.__NVIC_GetPriorityGrouping
                0x08001f60       0x1c ./Drivers/STM32F4xx_HAL_Driver/stm32f4xx_hal_cortex.o
 .text.__NVIC_SetPriority
                0x08001f7c       0x54 ./Drivers/STM32F4xx_HAL_Driver/stm32f4xx_hal_cortex.o
 .text.NVIC_EncodePriority
                0x08001fd0       0x66 ./Drivers/STM32F4xx_HAL_Driver/stm32f4xx_hal_cortex.o
 *fill*         0x08002036        0x2 
 .text.SysTick_Config
                0x08002038       0x44 ./Drivers/STM32F4xx_HAL_Driver/stm32f4xx_hal_cortex.o
 .text.HAL_NVIC_SetPriorityGrouping
                0x0800207c       0x16 ./Drivers/STM32F4xx_HAL_Driver/stm32f4xx_hal_cortex.o
                0x0800207c                HAL_NVIC_SetPriorityGrouping
 .text.HAL_NVIC_SetPriority
                0x08002092       0x38 ./Drivers/STM32F4xx_HAL_Driver/stm32f4xx_hal_cortex.o
                0x08002092                HAL_NVIC_SetPriority
 .text.HAL_SYSTICK_Config
                0x080020ca       0x18 ./Drivers/STM32F4xx_HAL_Driver/stm32f4xx_hal_cortex.o
                0x080020ca                HAL_SYSTICK_Config
 *fill*         0x080020e2        0x2 
 .text.HAL_GPIO_Init
                0x080020e4      0x308 ./Drivers/STM32F4xx_HAL_Driver/stm32f4xx_hal_gpio.o
                0x080020e4                HAL_GPIO_Init
 .text.HAL_GPIO_WritePin
                0x080023ec       0x32 ./Drivers/STM32F4xx_HAL_Driver/stm32f4xx_hal_gpio.o
                0x080023ec                HAL_GPIO_WritePin
 .text.HAL_GPIO_TogglePin
                0x0800241e       0x34 ./Drivers/STM32F4xx_HAL_Driver/stm32f4xx_hal_gpio.o
                0x0800241e                HAL_GPIO_TogglePin
 *fill*         0x08002452        0x2 
 .text.HAL_I2C_Init
                0x08002454      0x288 ./Drivers/STM32F4xx_HAL_Driver/stm32f4xx_hal_i2c.o
                0x08002454                HAL_I2C_Init
 .text.HAL_I2C_Mem_Write
                0x080026dc      0x1f4 ./Drivers/STM32F4xx_HAL_Driver/stm32f4xx_hal_i2c.o
                0x080026dc                HAL_I2C_Mem_Write
 .text.HAL_I2C_Mem_Read
                0x080028d0      0x464 ./Drivers/STM32F4xx_HAL_Driver/stm32f4xx_hal_i2c.o
                0x080028d0                HAL_I2C_Mem_Read
 .text.I2C_RequestMemoryWrite
                0x08002d34      0x12c ./Drivers/STM32F4xx_HAL_Driver/stm32f4xx_hal_i2c.o
 .text.I2C_RequestMemoryRead
                0x08002e60      0x1d0 ./Drivers/STM32F4xx_HAL_Driver/stm32f4xx_hal_i2c.o
 .text.I2C_WaitOnFlagUntilTimeout
                0x08003030       0xf4 ./Drivers/STM32F4xx_HAL_Driver/stm32f4xx_hal_i2c.o
 .text.I2C_WaitOnMasterAddressFlagUntilTimeout
                0x08003124      0x140 ./Drivers/STM32F4xx_HAL_Driver/stm32f4xx_hal_i2c.o
 .text.I2C_WaitOnTXEFlagUntilTimeout
                0x08003264       0x90 ./Drivers/STM32F4xx_HAL_Driver/stm32f4xx_hal_i2c.o
 .text.I2C_WaitOnBTFFlagUntilTimeout
                0x080032f4       0x90 ./Drivers/STM32F4xx_HAL_Driver/stm32f4xx_hal_i2c.o
 .text.I2C_WaitOnRXNEFlagUntilTimeout
                0x08003384       0xba ./Drivers/STM32F4xx_HAL_Driver/stm32f4xx_hal_i2c.o
 .text.I2C_IsAcknowledgeFailed
                0x0800343e       0x5e ./Drivers/STM32F4xx_HAL_Driver/stm32f4xx_hal_i2c.o
 .text.HAL_RCC_OscConfig
                0x0800349c      0x4f0 ./Drivers/STM32F4xx_HAL_Driver/stm32f4xx_hal_rcc.o
                0x0800349c                HAL_RCC_OscConfig
 .text.HAL_RCC_ClockConfig
                0x0800398c      0x1cc ./Drivers/STM32F4xx_HAL_Driver/stm32f4xx_hal_rcc.o
                0x0800398c                HAL_RCC_ClockConfig
 .text.HAL_RCC_GetSysClockFreq
                0x08003b58      0x188 ./Drivers/STM32F4xx_HAL_Driver/stm32f4xx_hal_rcc.o
                0x08003b58                HAL_RCC_GetSysClockFreq
 .text.HAL_RCC_GetHCLKFreq
                0x08003ce0       0x18 ./Drivers/STM32F4xx_HAL_Driver/stm32f4xx_hal_rcc.o
                0x08003ce0                HAL_RCC_GetHCLKFreq
 .text.HAL_RCC_GetPCLK1Freq
                0x08003cf8       0x28 ./Drivers/STM32F4xx_HAL_Driver/stm32f4xx_hal_rcc.o
                0x08003cf8                HAL_RCC_GetPCLK1Freq
 .text.HAL_SPI_Init
                0x08003d20      0x112 ./Drivers/STM32F4xx_HAL_Driver/stm32f4xx_hal_spi.o
                0x08003d20                HAL_SPI_Init
 .text.HAL_SPI_Transmit
                0x08003e32      0x288 ./Drivers/STM32F4xx_HAL_Driver/stm32f4xx_hal_spi.o
                0x08003e32                HAL_SPI_Transmit
 .text.HAL_SPI_Receive
                0x080040ba      0x232 ./Drivers/STM32F4xx_HAL_Driver/stm32f4xx_hal_spi.o
                0x080040ba                HAL_SPI_Receive
 .text.HAL_SPI_TransmitReceive
                0x080042ec      0x352 ./Drivers/STM32F4xx_HAL_Driver/stm32f4xx_hal_spi.o
                0x080042ec                HAL_SPI_TransmitReceive
 *fill*         0x0800463e        0x2 
 .text.SPI_WaitFlagStateUntilTimeout
                0x08004640      0x110 ./Drivers/STM32F4xx_HAL_Driver/stm32f4xx_hal_spi.o
 .text.SPI_EndRxTransaction
                0x08004750       0xca ./Drivers/STM32F4xx_HAL_Driver/stm32f4xx_hal_spi.o
 *fill*         0x0800481a        0x2 
 .text.SPI_EndRxTxTransaction
                0x0800481c       0xa8 ./Drivers/STM32F4xx_HAL_Driver/stm32f4xx_hal_spi.o
 .text.HAL_TIM_Base_Init
                0x080048c4       0x9e ./Drivers/STM32F4xx_HAL_Driver/stm32f4xx_hal_tim.o
                0x080048c4                HAL_TIM_Base_Init
 .text.HAL_TIM_ConfigClockSource
                0x08004962      0x18e ./Drivers/STM32F4xx_HAL_Driver/stm32f4xx_hal_tim.o
                0x08004962                HAL_TIM_ConfigClockSource
 .text.TIM_Base_SetConfig
                0x08004af0      0x10c ./Drivers/STM32F4xx_HAL_Driver/stm32f4xx_hal_tim.o
                0x08004af0                TIM_Base_SetConfig
 .text.TIM_TI1_ConfigInputStage
                0x08004bfc       0x5e ./Drivers/STM32F4xx_HAL_Driver/stm32f4xx_hal_tim.o
 .text.TIM_TI2_ConfigInputStage
                0x08004c5a       0x60 ./Drivers/STM32F4xx_HAL_Driver/stm32f4xx_hal_tim.o
 .text.TIM_ITRx_SetConfig
                0x08004cba       0x36 ./Drivers/STM32F4xx_HAL_Driver/stm32f4xx_hal_tim.o
 .text.TIM_ETR_SetConfig
                0x08004cf0       0x40 ./Drivers/STM32F4xx_HAL_Driver/stm32f4xx_hal_tim.o
                0x08004cf0                TIM_ETR_SetConfig
 .text.HAL_TIMEx_MasterConfigSynchronization
                0x08004d30       0xdc ./Drivers/STM32F4xx_HAL_Driver/stm32f4xx_hal_tim_ex.o
                0x08004d30                HAL_TIMEx_MasterConfigSynchronization
 .text.memset   0x08004e0c       0x10 /Applications/STM32CubeIDE.app/Contents/Eclipse/plugins/com.st.stm32cube.ide.mcu.externaltools.gnu-tools-for-stm32.14.3.rel1.macosaarch64_1.0.0.202602081740/tools/bin/../lib/gcc/arm-none-eabi/14.3.1/../../../../arm-none-eabi/lib/thumb/v7e-m+fp/hard/libc_nano.a(libc_a-memset.o)
                0x08004e0c                memset
 .text.__libc_init_array
                0x08004e1c       0x48 /Applications/STM32CubeIDE.app/Contents/Eclipse/plugins/com.st.stm32cube.ide.mcu.externaltools.gnu-tools-for-stm32.14.3.rel1.macosaarch64_1.0.0.202602081740/tools/bin/../lib/gcc/arm-none-eabi/14.3.1/../../../../arm-none-eabi/lib/thumb/v7e-m+fp/hard/libc_nano.a(libc_a-init.o)
                0x08004e1c                __libc_init_array
 .text.memcpy   0x08004e64       0x1c /Applications/STM32CubeIDE.app/Contents/Eclipse/plugins/com.st.stm32cube.ide.mcu.externaltools.gnu-tools-for-stm32.14.3.rel1.macosaarch64_1.0.0.202602081740/tools/bin/../lib/gcc/arm-none-eabi/14.3.1/../../../../arm-none-eabi/lib/thumb/v7e-m+fp/hard/libc_nano.a(libc_a-memcpy-stub.o)
                0x08004e64                memcpy
 *(.glue_7)
 .glue_7        0x08004e80        0x0 linker stubs
 *(.glue_7t)
 .glue_7t       0x08004e80        0x0 linker stubs
 *(.eh_frame)
 .eh_frame      0x08004e80        0x0 /Applications/STM32CubeIDE.app/Contents/Eclipse/plugins/com.st.stm32cube.ide.mcu.externaltools.gnu-tools-for-stm32.14.3.rel1.macosaarch64_1.0.0.202602081740/tools/bin/../lib/gcc/arm-none-eabi/14.3.1/thumb/v7e-m+fp/hard/crtbegin.o
 *(.init)
 .init          0x08004e80        0x4 /Applications/STM32CubeIDE.app/Contents/Eclipse/plugins/com.st.stm32cube.ide.mcu.externaltools.gnu-tools-for-stm32.14.3.rel1.macosaarch64_1.0.0.202602081740/tools/bin/../lib/gcc/arm-none-eabi/14.3.1/thumb/v7e-m+fp/hard/crti.o
                0x08004e80                _init
 .init          0x08004e84        0x8 /Applications/STM32CubeIDE.app/Contents/Eclipse/plugins/com.st.stm32cube.ide.mcu.externaltools.gnu-tools-for-stm32.14.3.rel1.macosaarch64_1.0.0.202602081740/tools/bin/../lib/gcc/arm-none-eabi/14.3.1/thumb/v7e-m+fp/hard/crtn.o
 *(.fini)
 .fini          0x08004e8c        0x4 /Applications/STM32CubeIDE.app/Contents/Eclipse/plugins/com.st.stm32cube.ide.mcu.externaltools.gnu-tools-for-stm32.14.3.rel1.macosaarch64_1.0.0.202602081740/tools/bin/../lib/gcc/arm-none-eabi/14.3.1/thumb/v7e-m+fp/hard/crti.o
                0x08004e8c                _fini
 .fini          0x08004e90        0x8 /Applications/STM32CubeIDE.app/Contents/Eclipse/plugins/com.st.stm32cube.ide.mcu.externaltools.gnu-tools-for-stm32.14.3.rel1.macosaarch64_1.0.0.202602081740/tools/bin/../lib/gcc/arm-none-eabi/14.3.1/thumb/v7e-m+fp/hard/crtn.o
                0x08004e98                        . = ALIGN (0x4)
                0x08004e98                        _etext = .

.vfp11_veneer   0x08004e98        0x0
 .vfp11_veneer  0x08004e98        0x0 linker stubs

.v4_bx          0x08004e98        0x0
 .v4_bx         0x08004e98        0x0 linker stubs

.iplt           0x08004e98        0x0
 .iplt          0x08004e98        0x0 /Applications/STM32CubeIDE.app/Contents/Eclipse/plugins/com.st.stm32cube.ide.mcu.externaltools.gnu-tools-for-stm32.14.3.rel1.macosaarch64_1.0.0.202602081740/tools/bin/../lib/gcc/arm-none-eabi/14.3.1/thumb/v7e-m+fp/hard/crtbegin.o

.rodata         0x08004e98       0x1c
                0x08004e98                        . = ALIGN (0x4)
 *(.rodata)
 .rodata        0x08004e98        0x3 ./Application/User/Core/main.o
 *(.rodata*)
 *fill*         0x08004e9b        0x1 
 .rodata.AHBPrescTable
                0x08004e9c       0x10 ./Drivers/CMSIS/system_stm32f4xx.o
                0x08004e9c                AHBPrescTable
 .rodata.APBPrescTable
                0x08004eac        0x8 ./Drivers/CMSIS/system_stm32f4xx.o
                0x08004eac                APBPrescTable
                0x08004eb4                        . = ALIGN (0x4)

.ARM.extab      0x08004eb4        0x0
                0x08004eb4                        . = ALIGN (0x4)
 *(.ARM.extab* .gnu.linkonce.armextab.*)
                0x08004eb4                        . = ALIGN (0x4)

.ARM            0x08004eb4        0x8
                0x08004eb4                        . = ALIGN (0x4)
                0x08004eb4                        __exidx_start = .
 *(.ARM.exidx*)
 .ARM.exidx     0x08004eb4        0x8 /Applications/STM32CubeIDE.app/Contents/Eclipse/plugins/com.st.stm32cube.ide.mcu.externaltools.gnu-tools-for-stm32.14.3.rel1.macosaarch64_1.0.0.202602081740/tools/bin/../lib/gcc/arm-none-eabi/14.3.1/thumb/v7e-m+fp/hard/libgcc.a(_udivmoddi4.o)
                0x08004ebc                        __exidx_end = .
                0x08004ebc                        . = ALIGN (0x4)

.preinit_array  0x08004ebc        0x0
                0x08004ebc                        . = ALIGN (0x4)
                0x08004ebc                        PROVIDE (__preinit_array_start = .)
 *(.preinit_array*)
                0x08004ebc                        PROVIDE (__preinit_array_end = .)
                0x08004ebc                        . = ALIGN (0x4)

.init_array     0x08004ebc        0x4
                0x08004ebc                        . = ALIGN (0x4)
                0x08004ebc                        PROVIDE (__init_array_start = .)
 *(SORT_BY_NAME(.init_array.*))
 *(.init_array*)
 .init_array    0x08004ebc        0x4 /Applications/STM32CubeIDE.app/Contents/Eclipse/plugins/com.st.stm32cube.ide.mcu.externaltools.gnu-tools-for-stm32.14.3.rel1.macosaarch64_1.0.0.202602081740/tools/bin/../lib/gcc/arm-none-eabi/14.3.1/thumb/v7e-m+fp/hard/crtbegin.o
                0x08004ec0                        PROVIDE (__init_array_end = .)
                0x08004ec0                        . = ALIGN (0x4)

.fini_array     0x08004ec0        0x4
                0x08004ec0                        . = ALIGN (0x4)
                [!provide]                        PROVIDE (__fini_array_start = .)
 *(SORT_BY_NAME(.fini_array.*))
 *(.fini_array*)
 .fini_array    0x08004ec0        0x4 /Applications/STM32CubeIDE.app/Contents/Eclipse/plugins/com.st.stm32cube.ide.mcu.externaltools.gnu-tools-for-stm32.14.3.rel1.macosaarch64_1.0.0.202602081740/tools/bin/../lib/gcc/arm-none-eabi/14.3.1/thumb/v7e-m+fp/hard/crtbegin.o
                [!provide]                        PROVIDE (__fini_array_end = .)
                0x08004ec4                        . = ALIGN (0x4)
                0x08004ec4                        _sidata = LOADADDR (.data)

.rel.dyn        0x08004ec4        0x0
 .rel.iplt      0x08004ec4        0x0 /Applications/STM32CubeIDE.app/Contents/Eclipse/plugins/com.st.stm32cube.ide.mcu.externaltools.gnu-tools-for-stm32.14.3.rel1.macosaarch64_1.0.0.202602081740/tools/bin/../lib/gcc/arm-none-eabi/14.3.1/thumb/v7e-m+fp/hard/crtbegin.o

.data           0x20000000        0xc load address 0x08004ec4
                0x20000000                        . = ALIGN (0x4)
                0x20000000                        _sdata = .
 *(.data)
 *(.data*)
 .data.SystemCoreClock
                0x20000000        0x4 ./Drivers/CMSIS/system_stm32f4xx.o
                0x20000000                SystemCoreClock
 .data.uwTickPrio
                0x20000004        0x4 ./Drivers/STM32F4xx_HAL_Driver/stm32f4xx_hal.o
                0x20000004                uwTickPrio
 .data.uwTickFreq
                0x20000008        0x1 ./Drivers/STM32F4xx_HAL_Driver/stm32f4xx_hal.o
                0x20000008                uwTickFreq
 *(.RamFunc)
 *(.RamFunc*)
                0x2000000c                        . = ALIGN (0x4)
 *fill*         0x20000009        0x3 
                0x2000000c                        _edata = .

.igot.plt       0x2000000c        0x0 load address 0x08004ed0
 .igot.plt      0x2000000c        0x0 /Applications/STM32CubeIDE.app/Contents/Eclipse/plugins/com.st.stm32cube.ide.mcu.externaltools.gnu-tools-for-stm32.14.3.rel1.macosaarch64_1.0.0.202602081740/tools/bin/../lib/gcc/arm-none-eabi/14.3.1/thumb/v7e-m+fp/hard/crtbegin.o
                0x2000000c                        . = ALIGN (0x4)

.bss            0x2000000c      0x130 load address 0x08004ed0
                0x2000000c                        _sbss = .
                0x2000000c                        __bss_start__ = _sbss
 *(.bss)
 .bss           0x2000000c       0x1c /Applications/STM32CubeIDE.app/Contents/Eclipse/plugins/com.st.stm32cube.ide.mcu.externaltools.gnu-tools-for-stm32.14.3.rel1.macosaarch64_1.0.0.202602081740/tools/bin/../lib/gcc/arm-none-eabi/14.3.1/thumb/v7e-m+fp/hard/crtbegin.o
 *(.bss*)
 .bss.dig_T1    0x20000028        0x2 ./Application/User/Core/bmp280.o
 .bss.dig_T2    0x2000002a        0x2 ./Application/User/Core/bmp280.o
 .bss.dig_T3    0x2000002c        0x2 ./Application/User/Core/bmp280.o
 .bss.dig_P1    0x2000002e        0x2 ./Application/User/Core/bmp280.o
 .bss.dig_P2    0x20000030        0x2 ./Application/User/Core/bmp280.o
 .bss.dig_P3    0x20000032        0x2 ./Application/User/Core/bmp280.o
 .bss.dig_P4    0x20000034        0x2 ./Application/User/Core/bmp280.o
 .bss.dig_P5    0x20000036        0x2 ./Application/User/Core/bmp280.o
 .bss.dig_P6    0x20000038        0x2 ./Application/User/Core/bmp280.o
 .bss.dig_P7    0x2000003a        0x2 ./Application/User/Core/bmp280.o
 .bss.dig_P8    0x2000003c        0x2 ./Application/User/Core/bmp280.o
 .bss.dig_P9    0x2000003e        0x2 ./Application/User/Core/bmp280.o
 .bss.t_fine    0x20000040        0x4 ./Application/User/Core/bmp280.o
 .bss.hi2c1     0x20000044       0x54 ./Application/User/Core/main.o
                0x20000044                hi2c1
 .bss.hspi1     0x20000098       0x58 ./Application/User/Core/main.o
                0x20000098                hspi1
 .bss.htim2     0x200000f0       0x48 ./Application/User/Core/main.o
                0x200000f0                htim2
 .bss.uwTick    0x20000138        0x4 ./Drivers/STM32F4xx_HAL_Driver/stm32f4xx_hal.o
                0x20000138                uwTick
 *(COMMON)
                0x2000013c                        . = ALIGN (0x4)
                0x2000013c                        _ebss = .
                0x2000013c                        __bss_end__ = _ebss

._user_heap_stack
                0x2000013c      0x604 load address 0x08004ed0
                0x20000140                        . = ALIGN (0x8)
 *fill*         0x2000013c        0x4 
                [!provide]                        PROVIDE (end = .)
                0x20000140                        PROVIDE (_end = .)
                0x20000340                        . = (. + _Min_Heap_Size)
 *fill*         0x20000140      0x200 
                0x20000740                        . = (. + _Min_Stack_Size)
 *fill*         0x20000340      0x400 
                0x20000740                        . = ALIGN (0x8)

/DISCARD/
 libc.a(*)
 libm.a(*)
 libgcc.a(*)

.ARM.attributes
                0x00000000       0x30
 *(.ARM.attributes)
 .ARM.attributes
                0x00000000       0x22 /Applications/STM32CubeIDE.app/Contents/Eclipse/plugins/com.st.stm32cube.ide.mcu.externaltools.gnu-tools-for-stm32.14.3.rel1.macosaarch64_1.0.0.202602081740/tools/bin/../lib/gcc/arm-none-eabi/14.3.1/thumb/v7e-m+fp/hard/crti.o
 .ARM.attributes
                0x00000022       0x34 /Applications/STM32CubeIDE.app/Contents/Eclipse/plugins/com.st.stm32cube.ide.mcu.externaltools.gnu-tools-for-stm32.14.3.rel1.macosaarch64_1.0.0.202602081740/tools/bin/../lib/gcc/arm-none-eabi/14.3.1/thumb/v7e-m+fp/hard/crtbegin.o
 .ARM.attributes
                0x00000056       0x34 ./Application/User/Core/bmp280.o
 .ARM.attributes
                0x0000008a       0x34 ./Application/User/Core/main.o
 .ARM.attributes
                0x000000be       0x34 ./Application/User/Core/mcp2515.o
 .ARM.attributes
                0x000000f2       0x34 ./Application/User/Core/mpu6050.o
 .ARM.attributes
                0x00000126       0x34 ./Application/User/Core/stm32f4xx_hal_msp.o
 .ARM.attributes
                0x0000015a       0x34 ./Application/User/Core/stm32f4xx_it.o
 .ARM.attributes
                0x0000018e       0x21 ./Application/User/Startup/startup_stm32f411ceux.o
 .ARM.attributes
                0x000001af       0x34 ./Drivers/CMSIS/system_stm32f4xx.o
 .ARM.attributes
                0x000001e3       0x34 ./Drivers/STM32F4xx_HAL_Driver/stm32f4xx_hal.o
 .ARM.attributes
                0x00000217       0x34 ./Drivers/STM32F4xx_HAL_Driver/stm32f4xx_hal_cortex.o
 .ARM.attributes
                0x0000024b       0x34 ./Drivers/STM32F4xx_HAL_Driver/stm32f4xx_hal_gpio.o
 .ARM.attributes
                0x0000027f       0x34 ./Drivers/STM32F4xx_HAL_Driver/stm32f4xx_hal_i2c.o
 .ARM.attributes
                0x000002b3       0x34 ./Drivers/STM32F4xx_HAL_Driver/stm32f4xx_hal_rcc.o
 .ARM.attributes
                0x000002e7       0x34 ./Drivers/STM32F4xx_HAL_Driver/stm32f4xx_hal_spi.o
 .ARM.attributes
                0x0000031b       0x34 ./Drivers/STM32F4xx_HAL_Driver/stm32f4xx_hal_tim.o
 .ARM.attributes
                0x0000034f       0x34 ./Drivers/STM32F4xx_HAL_Driver/stm32f4xx_hal_tim_ex.o
 .ARM.attributes
                0x00000383       0x34 /Applications/STM32CubeIDE.app/Contents/Eclipse/plugins/com.st.stm32cube.ide.mcu.externaltools.gnu-tools-for-stm32.14.3.rel1.macosaarch64_1.0.0.202602081740/tools/bin/../lib/gcc/arm-none-eabi/14.3.1/../../../../arm-none-eabi/lib/thumb/v7e-m+fp/hard/libc_nano.a(libc_a-memset.o)
 .ARM.attributes
                0x000003b7       0x34 /Applications/STM32CubeIDE.app/Contents/Eclipse/plugins/com.st.stm32cube.ide.mcu.externaltools.gnu-tools-for-stm32.14.3.rel1.macosaarch64_1.0.0.202602081740/tools/bin/../lib/gcc/arm-none-eabi/14.3.1/../../../../arm-none-eabi/lib/thumb/v7e-m+fp/hard/libc_nano.a(libc_a-init.o)
 .ARM.attributes
                0x000003eb       0x34 /Applications/STM32CubeIDE.app/Contents/Eclipse/plugins/com.st.stm32cube.ide.mcu.externaltools.gnu-tools-for-stm32.14.3.rel1.macosaarch64_1.0.0.202602081740/tools/bin/../lib/gcc/arm-none-eabi/14.3.1/../../../../arm-none-eabi/lib/thumb/v7e-m+fp/hard/libc_nano.a(libc_a-memcpy-stub.o)
 .ARM.attributes
                0x0000041f       0x22 /Applications/STM32CubeIDE.app/Contents/Eclipse/plugins/com.st.stm32cube.ide.mcu.externaltools.gnu-tools-for-stm32.14.3.rel1.macosaarch64_1.0.0.202602081740/tools/bin/../lib/gcc/arm-none-eabi/14.3.1/thumb/v7e-m+fp/hard/libgcc.a(_aeabi_ldivmod.o)
 .ARM.attributes
                0x00000441       0x22 /Applications/STM32CubeIDE.app/Contents/Eclipse/plugins/com.st.stm32cube.ide.mcu.externaltools.gnu-tools-for-stm32.14.3.rel1.macosaarch64_1.0.0.202602081740/tools/bin/../lib/gcc/arm-none-eabi/14.3.1/thumb/v7e-m+fp/hard/libgcc.a(_aeabi_uldivmod.o)
 .ARM.attributes
                0x00000463       0x34 /Applications/STM32CubeIDE.app/Contents/Eclipse/plugins/com.st.stm32cube.ide.mcu.externaltools.gnu-tools-for-stm32.14.3.rel1.macosaarch64_1.0.0.202602081740/tools/bin/../lib/gcc/arm-none-eabi/14.3.1/thumb/v7e-m+fp/hard/libgcc.a(_udivmoddi4.o)
 .ARM.attributes
                0x00000497       0x22 /Applications/STM32CubeIDE.app/Contents/Eclipse/plugins/com.st.stm32cube.ide.mcu.externaltools.gnu-tools-for-stm32.14.3.rel1.macosaarch64_1.0.0.202602081740/tools/bin/../lib/gcc/arm-none-eabi/14.3.1/thumb/v7e-m+fp/hard/libgcc.a(_dvmd_tls.o)
 .ARM.attributes
                0x000004b9       0x22 /Applications/STM32CubeIDE.app/Contents/Eclipse/plugins/com.st.stm32cube.ide.mcu.externaltools.gnu-tools-for-stm32.14.3.rel1.macosaarch64_1.0.0.202602081740/tools/bin/../lib/gcc/arm-none-eabi/14.3.1/thumb/v7e-m+fp/hard/crtn.o
OUTPUT(STM32CubeIDE.elf elf32-littlearm)
LOAD linker stubs
LOAD /Applications/STM32CubeIDE.app/Contents/Eclipse/plugins/com.st.stm32cube.ide.mcu.externaltools.gnu-tools-for-stm32.14.3.rel1.macosaarch64_1.0.0.202602081740/tools/bin/../lib/gcc/arm-none-eabi/14.3.1/../../../../arm-none-eabi/lib/thumb/v7e-m+fp/hard/libc.a
LOAD /Applications/STM32CubeIDE.app/Contents/Eclipse/plugins/com.st.stm32cube.ide.mcu.externaltools.gnu-tools-for-stm32.14.3.rel1.macosaarch64_1.0.0.202602081740/tools/bin/../lib/gcc/arm-none-eabi/14.3.1/../../../../arm-none-eabi/lib/thumb/v7e-m+fp/hard/libm.a
LOAD /Applications/STM32CubeIDE.app/Contents/Eclipse/plugins/com.st.stm32cube.ide.mcu.externaltools.gnu-tools-for-stm32.14.3.rel1.macosaarch64_1.0.0.202602081740/tools/bin/../lib/gcc/arm-none-eabi/14.3.1/thumb/v7e-m+fp/hard/libgcc.a

.debug_info     0x00000000     0xe7ed
 .debug_info    0x00000000      0xa15 ./Application/User/Core/bmp280.o
 .debug_info    0x00000a15     0x165a ./Application/User/Core/main.o
 .debug_info    0x0000206f      0xb33 ./Application/User/Core/mcp2515.o
 .debug_info    0x00002ba2      0x809 ./Application/User/Core/mpu6050.o
 .debug_info    0x000033ab     0x1045 ./Application/User/Core/stm32f4xx_hal_msp.o
 .debug_info    0x000043f0      0x112 ./Application/User/Core/stm32f4xx_it.o
 .debug_info    0x00004502       0x30 ./Application/User/Startup/startup_stm32f411ceux.o
 .debug_info    0x00004532      0x53e ./Drivers/CMSIS/system_stm32f4xx.o
 .debug_info    0x00004a70      0x8c4 ./Drivers/STM32F4xx_HAL_Driver/stm32f4xx_hal.o
 .debug_info    0x00005334      0xcfc ./Drivers/STM32F4xx_HAL_Driver/stm32f4xx_hal_cortex.o
 .debug_info    0x00006030      0x6f9 ./Drivers/STM32F4xx_HAL_Driver/stm32f4xx_hal_gpio.o
 .debug_info    0x00006729     0x2426 ./Drivers/STM32F4xx_HAL_Driver/stm32f4xx_hal_i2c.o
 .debug_info    0x00008b4f      0x904 ./Drivers/STM32F4xx_HAL_Driver/stm32f4xx_hal_rcc.o
 .debug_info    0x00009453     0x1530 ./Drivers/STM32F4xx_HAL_Driver/stm32f4xx_hal_spi.o
 .debug_info    0x0000a983     0x2996 ./Drivers/STM32F4xx_HAL_Driver/stm32f4xx_hal_tim.o
 .debug_info    0x0000d319     0x14d4 ./Drivers/STM32F4xx_HAL_Driver/stm32f4xx_hal_tim_ex.o

.debug_abbrev   0x00000000     0x218b
 .debug_abbrev  0x00000000      0x28e ./Application/User/Core/bmp280.o
 .debug_abbrev  0x0000028e      0x29c ./Application/User/Core/main.o
 .debug_abbrev  0x0000052a      0x298 ./Application/User/Core/mcp2515.o
 .debug_abbrev  0x000007c2      0x1f8 ./Application/User/Core/mpu6050.o
 .debug_abbrev  0x000009ba      0x1dc ./Application/User/Core/stm32f4xx_hal_msp.o
 .debug_abbrev  0x00000b96       0x73 ./Application/User/Core/stm32f4xx_it.o
 .debug_abbrev  0x00000c09       0x24 ./Application/User/Startup/startup_stm32f411ceux.o
 .debug_abbrev  0x00000c2d      0x11a ./Drivers/CMSIS/system_stm32f4xx.o
 .debug_abbrev  0x00000d47      0x24b ./Drivers/STM32F4xx_HAL_Driver/stm32f4xx_hal.o
 .debug_abbrev  0x00000f92      0x31d ./Drivers/STM32F4xx_HAL_Driver/stm32f4xx_hal_cortex.o
 .debug_abbrev  0x000012af      0x1d3 ./Drivers/STM32F4xx_HAL_Driver/stm32f4xx_hal_gpio.o
 .debug_abbrev  0x00001482      0x2bc ./Drivers/STM32F4xx_HAL_Driver/stm32f4xx_hal_i2c.o
 .debug_abbrev  0x0000173e      0x2b6 ./Drivers/STM32F4xx_HAL_Driver/stm32f4xx_hal_rcc.o
 .debug_abbrev  0x000019f4      0x276 ./Drivers/STM32F4xx_HAL_Driver/stm32f4xx_hal_spi.o
 .debug_abbrev  0x00001c6a      0x28b ./Drivers/STM32F4xx_HAL_Driver/stm32f4xx_hal_tim.o
 .debug_abbrev  0x00001ef5      0x296 ./Drivers/STM32F4xx_HAL_Driver/stm32f4xx_hal_tim_ex.o

.debug_aranges  0x00000000      0xef8
 .debug_aranges
                0x00000000       0x50 ./Application/User/Core/bmp280.o
 .debug_aranges
                0x00000050       0x50 ./Application/User/Core/main.o
 .debug_aranges
                0x000000a0       0x70 ./Application/User/Core/mcp2515.o
 .debug_aranges
                0x00000110       0x38 ./Application/User/Core/mpu6050.o
 .debug_aranges
                0x00000148       0x50 ./Application/User/Core/stm32f4xx_hal_msp.o
 .debug_aranges
                0x00000198       0x60 ./Application/User/Core/stm32f4xx_it.o
 .debug_aranges
                0x000001f8       0x28 ./Application/User/Startup/startup_stm32f411ceux.o
 .debug_aranges
                0x00000220       0x28 ./Drivers/CMSIS/system_stm32f4xx.o
 .debug_aranges
                0x00000248       0xf0 ./Drivers/STM32F4xx_HAL_Driver/stm32f4xx_hal.o
 .debug_aranges
                0x00000338      0x130 ./Drivers/STM32F4xx_HAL_Driver/stm32f4xx_hal_cortex.o
 .debug_aranges
                0x00000468       0x58 ./Drivers/STM32F4xx_HAL_Driver/stm32f4xx_hal_gpio.o
 .debug_aranges
                0x000004c0      0x2a8 ./Drivers/STM32F4xx_HAL_Driver/stm32f4xx_hal_i2c.o
 .debug_aranges
                0x00000768       0x88 ./Drivers/STM32F4xx_HAL_Driver/stm32f4xx_hal_rcc.o
 .debug_aranges
                0x000007f0      0x1d0 ./Drivers/STM32F4xx_HAL_Driver/stm32f4xx_hal_spi.o
 .debug_aranges
                0x000009c0      0x3d0 ./Drivers/STM32F4xx_HAL_Driver/stm32f4xx_hal_tim.o
 .debug_aranges
                0x00000d90      0x168 ./Drivers/STM32F4xx_HAL_Driver/stm32f4xx_hal_tim_ex.o

.debug_rnglists
                0x00000000      0xbbb
 .debug_rnglists
                0x00000000       0x3b ./Application/User/Core/bmp280.o
 .debug_rnglists
                0x0000003b       0x3b ./Application/User/Core/main.o
 .debug_rnglists
                0x00000076       0x51 ./Application/User/Core/mcp2515.o
 .debug_rnglists
                0x000000c7       0x27 ./Application/User/Core/mpu6050.o
 .debug_rnglists
                0x000000ee       0x39 ./Application/User/Core/stm32f4xx_hal_msp.o
 .debug_rnglists
                0x00000127       0x43 ./Application/User/Core/stm32f4xx_it.o
 .debug_rnglists
                0x0000016a       0x19 ./Application/User/Startup/startup_stm32f411ceux.o
 .debug_rnglists
                0x00000183       0x1a ./Drivers/CMSIS/system_stm32f4xx.o
 .debug_rnglists
                0x0000019d       0xaf ./Drivers/STM32F4xx_HAL_Driver/stm32f4xx_hal.o
 .debug_rnglists
                0x0000024c       0xe0 ./Drivers/STM32F4xx_HAL_Driver/stm32f4xx_hal_cortex.o
 .debug_rnglists
                0x0000032c       0x3f ./Drivers/STM32F4xx_HAL_Driver/stm32f4xx_hal_gpio.o
 .debug_rnglists
                0x0000036b      0x23c ./Drivers/STM32F4xx_HAL_Driver/stm32f4xx_hal_i2c.o
 .debug_rnglists
                0x000005a7       0x66 ./Drivers/STM32F4xx_HAL_Driver/stm32f4xx_hal_rcc.o
 .debug_rnglists
                0x0000060d      0x16f ./Drivers/STM32F4xx_HAL_Driver/stm32f4xx_hal_spi.o
 .debug_rnglists
                0x0000077c      0x31a ./Drivers/STM32F4xx_HAL_Driver/stm32f4xx_hal_tim.o
 .debug_rnglists
                0x00000a96      0x125 ./Drivers/STM32F4xx_HAL_Driver/stm32f4xx_hal_tim_ex.o

.debug_macro    0x00000000    0x16328
 .debug_macro   0x00000000      0x251 ./Application/User/Core/bmp280.o
 .debug_macro   0x00000251      0x2a1 ./Application/User/Core/bmp280.o
 .debug_macro   0x000004f2       0x2e ./Application/User/Core/bmp280.o
 .debug_macro   0x00000520       0x28 ./Application/User/Core/bmp280.o
 .debug_macro   0x00000548       0x22 ./Application/User/Core/bmp280.o
 .debug_macro   0x0000056a       0x8e ./Application/User/Core/bmp280.o
 .debug_macro   0x000005f8       0x51 ./Application/User/Core/bmp280.o
 .debug_macro   0x00000649      0x103 ./Application/User/Core/bmp280.o
 .debug_macro   0x0000074c       0x6a ./Application/User/Core/bmp280.o
 .debug_macro   0x000007b6      0x1df ./Application/User/Core/bmp280.o
 .debug_macro   0x00000995       0x1c ./Application/User/Core/bmp280.o
 .debug_macro   0x000009b1       0x22 ./Application/User/Core/bmp280.o
 .debug_macro   0x000009d3       0xfb ./Application/User/Core/bmp280.o
 .debug_macro   0x00000ace     0x1011 ./Application/User/Core/bmp280.o
 .debug_macro   0x00001adf      0x11f ./Application/User/Core/bmp280.o
 .debug_macro   0x00001bfe     0xb968 ./Application/User/Core/bmp280.o
 .debug_macro   0x0000d566       0x6d ./Application/User/Core/bmp280.o
 .debug_macro   0x0000d5d3     0x3693 ./Application/User/Core/bmp280.o
 .debug_macro   0x00010c66      0x190 ./Application/User/Core/bmp280.o
 .debug_macro   0x00010df6       0x5c ./Application/User/Core/bmp280.o
 .debug_macro   0x00010e52      0x45c ./Application/User/Core/bmp280.o
 .debug_macro   0x000112ae      0x9e9 ./Application/User/Core/bmp280.o
 .debug_macro   0x00011c97      0x115 ./Application/User/Core/bmp280.o
 .debug_macro   0x00011dac      0x11b ./Application/User/Core/bmp280.o
 .debug_macro   0x00011ec7       0xa5 ./Application/User/Core/bmp280.o
 .debug_macro   0x00011f6c      0x15f ./Application/User/Core/bmp280.o
 .debug_macro   0x000120cb      0x287 ./Application/User/Core/bmp280.o
 .debug_macro   0x00012352       0x5f ./Application/User/Core/bmp280.o
 .debug_macro   0x000123b1      0x236 ./Application/User/Core/bmp280.o
 .debug_macro   0x000125e7      0x132 ./Application/User/Core/bmp280.o
 .debug_macro   0x00012719      0x264 ./Application/User/Core/bmp280.o
 .debug_macro   0x0001297d       0x2e ./Application/User/Core/bmp280.o
 .debug_macro   0x000129ab      0x1b5 ./Application/User/Core/bmp280.o
 .debug_macro   0x00012b60       0x22 ./Application/User/Core/bmp280.o
 .debug_macro   0x00012b82       0xd6 ./Application/User/Core/bmp280.o
 .debug_macro   0x00012c58      0x127 ./Application/User/Core/bmp280.o
 .debug_macro   0x00012d7f       0x85 ./Application/User/Core/bmp280.o
 .debug_macro   0x00012e04       0x89 ./Application/User/Core/bmp280.o
 .debug_macro   0x00012e8d      0x225 ./Application/User/Core/bmp280.o
 .debug_macro   0x000130b2      0x8ed ./Application/User/Core/bmp280.o
 .debug_macro   0x0001399f       0x47 ./Application/User/Core/bmp280.o
 .debug_macro   0x000139e6      0x126 ./Application/User/Core/bmp280.o
 .debug_macro   0x00013b0c      0x20c ./Application/User/Core/main.o
 .debug_macro   0x00013d18       0x10 ./Application/User/Core/main.o
 .debug_macro   0x00013d28       0x10 ./Application/User/Core/main.o
 .debug_macro   0x00013d38       0x8e ./Application/User/Core/main.o
 .debug_macro   0x00013dc6      0x3d2 ./Application/User/Core/mcp2515.o
 .debug_macro   0x00014198       0x88 ./Application/User/Core/mcp2515.o
 .debug_macro   0x00014220       0x61 ./Application/User/Core/mcp2515.o
 .debug_macro   0x00014281       0x2a ./Application/User/Core/mcp2515.o
 .debug_macro   0x000142ab       0x43 ./Application/User/Core/mcp2515.o
 .debug_macro   0x000142ee       0x34 ./Application/User/Core/mcp2515.o
 .debug_macro   0x00014322      0x364 ./Application/User/Core/mcp2515.o
 .debug_macro   0x00014686       0x16 ./Application/User/Core/mcp2515.o
 .debug_macro   0x0001469c       0x4a ./Application/User/Core/mcp2515.o
 .debug_macro   0x000146e6       0x34 ./Application/User/Core/mcp2515.o
 .debug_macro   0x0001471a       0x10 ./Application/User/Core/mcp2515.o
 .debug_macro   0x0001472a       0x58 ./Application/User/Core/mcp2515.o
 .debug_macro   0x00014782       0x8e ./Application/User/Core/mcp2515.o
 .debug_macro   0x00014810       0x1c ./Application/User/Core/mcp2515.o
 .debug_macro   0x0001482c      0x17e ./Application/User/Core/mcp2515.o
 .debug_macro   0x000149aa       0x10 ./Application/User/Core/mcp2515.o
 .debug_macro   0x000149ba       0x3c ./Application/User/Core/mcp2515.o
 .debug_macro   0x000149f6       0x20 ./Application/User/Core/mcp2515.o
 .debug_macro   0x00014a16      0x31f ./Application/User/Core/mpu6050.o
 .debug_macro   0x00014d35      0x1f1 ./Application/User/Core/stm32f4xx_hal_msp.o
 .debug_macro   0x00014f26      0x1fb ./Application/User/Core/stm32f4xx_it.o
 .debug_macro   0x00015121      0x1e7 ./Drivers/CMSIS/system_stm32f4xx.o
 .debug_macro   0x00015308      0x247 ./Drivers/STM32F4xx_HAL_Driver/stm32f4xx_hal.o
 .debug_macro   0x0001554f      0x1e7 ./Drivers/STM32F4xx_HAL_Driver/stm32f4xx_hal_cortex.o
 .debug_macro   0x00015736      0x1ed ./Drivers/STM32F4xx_HAL_Driver/stm32f4xx_hal_gpio.o
 .debug_macro   0x00015923      0x235 ./Drivers/STM32F4xx_HAL_Driver/stm32f4xx_hal_i2c.o
 .debug_macro   0x00015b58      0x20b ./Drivers/STM32F4xx_HAL_Driver/stm32f4xx_hal_rcc.o
 .debug_macro   0x00015d63      0x1f6 ./Drivers/STM32F4xx_HAL_Driver/stm32f4xx_hal_spi.o
 .debug_macro   0x00015f59      0x1e8 ./Drivers/STM32F4xx_HAL_Driver/stm32f4xx_hal_tim.o
 .debug_macro   0x00016141      0x1e7 ./Drivers/STM32F4xx_HAL_Driver/stm32f4xx_hal_tim_ex.o

.debug_line     0x00000000    0x11b29
 .debug_line    0x00000000      0xa59 ./Application/User/Core/bmp280.o
 .debug_line    0x00000a59      0xabb ./Application/User/Core/main.o
 .debug_line    0x00001514      0xab0 ./Application/User/Core/mcp2515.o
 .debug_line    0x00001fc4      0x9fc ./Application/User/Core/mpu6050.o
 .debug_line    0x000029c0      0x845 ./Application/User/Core/stm32f4xx_hal_msp.o
 .debug_line    0x00003205      0x821 ./Application/User/Core/stm32f4xx_it.o
 .debug_line    0x00003a26       0x7a ./Application/User/Startup/startup_stm32f411ceux.o
 .debug_line    0x00003aa0      0x7e8 ./Drivers/CMSIS/system_stm32f4xx.o
 .debug_line    0x00004288      0xa67 ./Drivers/STM32F4xx_HAL_Driver/stm32f4xx_hal.o
 .debug_line    0x00004cef      0xd34 ./Drivers/STM32F4xx_HAL_Driver/stm32f4xx_hal_cortex.o
 .debug_line    0x00005a23      0xb7d ./Drivers/STM32F4xx_HAL_Driver/stm32f4xx_hal_gpio.o
 .debug_line    0x000065a0     0x3b11 ./Drivers/STM32F4xx_HAL_Driver/stm32f4xx_hal_i2c.o
 .debug_line    0x0000a0b1      0xe71 ./Drivers/STM32F4xx_HAL_Driver/stm32f4xx_hal_rcc.o
 .debug_line    0x0000af22     0x1cff ./Drivers/STM32F4xx_HAL_Driver/stm32f4xx_hal_spi.o
 .debug_line    0x0000cc21     0x35a9 ./Drivers/STM32F4xx_HAL_Driver/stm32f4xx_hal_tim.o
 .debug_line    0x000101ca     0x195f ./Drivers/STM32F4xx_HAL_Driver/stm32f4xx_hal_tim_ex.o

.debug_str      0x00000000    0x904db
 .debug_str     0x00000000    0x904db ./Application/User/Core/bmp280.o
                              0x889e0 (size before relaxing)
 .debug_str     0x000904db    0x89413 ./Application/User/Core/main.o
 .debug_str     0x000904db    0x8bf88 ./Application/User/Core/mcp2515.o
 .debug_str     0x000904db    0x8bacb ./Application/User/Core/mpu6050.o
 .debug_str     0x000904db    0x88d5d ./Application/User/Core/stm32f4xx_hal_msp.o
 .debug_str     0x000904db    0x8822e ./Application/User/Core/stm32f4xx_it.o
 .debug_str     0x000904db       0xaa ./Application/User/Startup/startup_stm32f411ceux.o
 .debug_str     0x000904db    0x8836a ./Drivers/CMSIS/system_stm32f4xx.o
 .debug_str     0x000904db    0x88d96 ./Drivers/STM32F4xx_HAL_Driver/stm32f4xx_hal.o
 .debug_str     0x000904db    0x88b00 ./Drivers/STM32F4xx_HAL_Driver/stm32f4xx_hal_cortex.o
 .debug_str     0x000904db    0x884e5 ./Drivers/STM32F4xx_HAL_Driver/stm32f4xx_hal_gpio.o
 .debug_str     0x000904db    0x8937b ./Drivers/STM32F4xx_HAL_Driver/stm32f4xx_hal_i2c.o
 .debug_str     0x000904db    0x8879e ./Drivers/STM32F4xx_HAL_Driver/stm32f4xx_hal_rcc.o
 .debug_str     0x000904db    0x88c16 ./Drivers/STM32F4xx_HAL_Driver/stm32f4xx_hal_spi.o
 .debug_str     0x000904db    0x896e2 ./Drivers/STM32F4xx_HAL_Driver/stm32f4xx_hal_tim.o
 .debug_str     0x000904db    0x88eee ./Drivers/STM32F4xx_HAL_Driver/stm32f4xx_hal_tim_ex.o

.comment        0x00000000       0x43
 .comment       0x00000000       0x43 ./Application/User/Core/bmp280.o
                                 0x44 (size before relaxing)
 .comment       0x00000043       0x44 ./Application/User/Core/main.o
 .comment       0x00000043       0x44 ./Application/User/Core/mcp2515.o
 .comment       0x00000043       0x44 ./Application/User/Core/mpu6050.o
 .comment       0x00000043       0x44 ./Application/User/Core/stm32f4xx_hal_msp.o
 .comment       0x00000043       0x44 ./Application/User/Core/stm32f4xx_it.o
 .comment       0x00000043       0x44 ./Drivers/CMSIS/system_stm32f4xx.o
 .comment       0x00000043       0x44 ./Drivers/STM32F4xx_HAL_Driver/stm32f4xx_hal.o
 .comment       0x00000043       0x44 ./Drivers/STM32F4xx_HAL_Driver/stm32f4xx_hal_cortex.o
 .comment       0x00000043       0x44 ./Drivers/STM32F4xx_HAL_Driver/stm32f4xx_hal_gpio.o
 .comment       0x00000043       0x44 ./Drivers/STM32F4xx_HAL_Driver/stm32f4xx_hal_i2c.o
 .comment       0x00000043       0x44 ./Drivers/STM32F4xx_HAL_Driver/stm32f4xx_hal_rcc.o
 .comment       0x00000043       0x44 ./Drivers/STM32F4xx_HAL_Driver/stm32f4xx_hal_spi.o
 .comment       0x00000043       0x44 ./Drivers/STM32F4xx_HAL_Driver/stm32f4xx_hal_tim.o
 .comment       0x00000043       0x44 ./Drivers/STM32F4xx_HAL_Driver/stm32f4xx_hal_tim_ex.o

.debug_frame    0x00000000     0x3d4c
 .debug_frame   0x00000000      0x11c ./Application/User/Core/bmp280.o
 .debug_frame   0x0000011c       0xec ./Application/User/Core/main.o
 .debug_frame   0x00000208      0x19c ./Application/User/Core/mcp2515.o
 .debug_frame   0x000003a4       0xa4 ./Application/User/Core/mpu6050.o
 .debug_frame   0x00000448      0x10c ./Application/User/Core/stm32f4xx_hal_msp.o
 .debug_frame   0x00000554       0xf8 ./Application/User/Core/stm32f4xx_it.o
 .debug_frame   0x0000064c       0x50 ./Drivers/CMSIS/system_stm32f4xx.o
 .debug_frame   0x0000069c      0x31c ./Drivers/STM32F4xx_HAL_Driver/stm32f4xx_hal.o
 .debug_frame   0x000009b8      0x4b8 ./Drivers/STM32F4xx_HAL_Driver/stm32f4xx_hal_cortex.o
 .debug_frame   0x00000e70      0x130 ./Drivers/STM32F4xx_HAL_Driver/stm32f4xx_hal_gpio.o
 .debug_frame   0x00000fa0      0xbf4 ./Drivers/STM32F4xx_HAL_Driver/stm32f4xx_hal_i2c.o
 .debug_frame   0x00001b94      0x1d8 ./Drivers/STM32F4xx_HAL_Driver/stm32f4xx_hal_rcc.o
 .debug_frame   0x00001d6c      0x7e0 ./Drivers/STM32F4xx_HAL_Driver/stm32f4xx_hal_spi.o
 .debug_frame   0x0000254c     0x10e8 ./Drivers/STM32F4xx_HAL_Driver/stm32f4xx_hal_tim.o
 .debug_frame   0x00003634      0x600 ./Drivers/STM32F4xx_HAL_Driver/stm32f4xx_hal_tim_ex.o
 .debug_frame   0x00003c34       0x20 /Applications/STM32CubeIDE.app/Contents/Eclipse/plugins/com.st.stm32cube.ide.mcu.externaltools.gnu-tools-for-stm32.14.3.rel1.macosaarch64_1.0.0.202602081740/tools/bin/../lib/gcc/arm-none-eabi/14.3.1/../../../../arm-none-eabi/lib/thumb/v7e-m+fp/hard/libc_nano.a(libc_a-memset.o)
 .debug_frame   0x00003c54       0x2c /Applications/STM32CubeIDE.app/Contents/Eclipse/plugins/com.st.stm32cube.ide.mcu.externaltools.gnu-tools-for-stm32.14.3.rel1.macosaarch64_1.0.0.202602081740/tools/bin/../lib/gcc/arm-none-eabi/14.3.1/../../../../arm-none-eabi/lib/thumb/v7e-m+fp/hard/libc_nano.a(libc_a-init.o)
 .debug_frame   0x00003c80       0x28 /Applications/STM32CubeIDE.app/Contents/Eclipse/plugins/com.st.stm32cube.ide.mcu.externaltools.gnu-tools-for-stm32.14.3.rel1.macosaarch64_1.0.0.202602081740/tools/bin/../lib/gcc/arm-none-eabi/14.3.1/../../../../arm-none-eabi/lib/thumb/v7e-m+fp/hard/libc_nano.a(libc_a-memcpy-stub.o)
 .debug_frame   0x00003ca8       0x44 /Applications/STM32CubeIDE.app/Contents/Eclipse/plugins/com.st.stm32cube.ide.mcu.externaltools.gnu-tools-for-stm32.14.3.rel1.macosaarch64_1.0.0.202602081740/tools/bin/../lib/gcc/arm-none-eabi/14.3.1/thumb/v7e-m+fp/hard/libgcc.a(_aeabi_ldivmod.o)
 .debug_frame   0x00003cec       0x2c /Applications/STM32CubeIDE.app/Contents/Eclipse/plugins/com.st.stm32cube.ide.mcu.externaltools.gnu-tools-for-stm32.14.3.rel1.macosaarch64_1.0.0.202602081740/tools/bin/../lib/gcc/arm-none-eabi/14.3.1/thumb/v7e-m+fp/hard/libgcc.a(_aeabi_uldivmod.o)
 .debug_frame   0x00003d18       0x34 /Applications/STM32CubeIDE.app/Contents/Eclipse/plugins/com.st.stm32cube.ide.mcu.externaltools.gnu-tools-for-stm32.14.3.rel1.macosaarch64_1.0.0.202602081740/tools/bin/../lib/gcc/arm-none-eabi/14.3.1/thumb/v7e-m+fp/hard/libgcc.a(_udivmoddi4.o)

.debug_line_str
                0x00000000       0x8e
 .debug_line_str
                0x00000000       0x8e ./Application/User/Startup/startup_stm32f411ceux.o
