00:12:40 **** Incremental Build of configuration Debug for project Can-sensor-fusion ****
make -j7 all 
arm-none-eabi-size  Can-sensor-fusion.elf 
   text	   data	    bss	    dec	    hex	filename
    668	      0	   1568	   2236	    8bc	Can-sensor-fusion.elf
Finished building: default.size.stdout
 
00:24:48 **** Incremental Build of configuration Debug for project Can-sensor-fusion ****
make -j7 all 
arm-none-eabi-size  Can-sensor-fusion.elf 
   text	   data	    bss	    dec	    hex	filename
    668	      0	   1568	   2236	    8bc	Can-sensor-fusion.elf
Finished building: default.size.stdout
 
